Archive member included to satisfy reference by file (symbol)

/opt/pebble/Pebble/lib/libpebble.a(tmpL9Cjnwpebble.o)
                              src/simply/simply_accel.c.11.o (accel_data_service_unsubscribe)
/usr/lib/gcc/arm-none-eabi/4.9.2/../../../../arm-none-eabi/lib/armv7-m/libc.a(lib_a-atexit.o)
                              /usr/lib/gcc/arm-none-eabi/4.9.2/../../../../arm-none-eabi/lib/armv7-m/crt0.o (atexit)
/usr/lib/gcc/arm-none-eabi/4.9.2/../../../../arm-none-eabi/lib/armv7-m/libc.a(lib_a-exit.o)
                              /usr/lib/gcc/arm-none-eabi/4.9.2/../../../../arm-none-eabi/lib/armv7-m/crt0.o (exit)
/usr/lib/gcc/arm-none-eabi/4.9.2/../../../../arm-none-eabi/lib/armv7-m/libc.a(lib_a-fini.o)
                              /usr/lib/gcc/arm-none-eabi/4.9.2/../../../../arm-none-eabi/lib/armv7-m/crt0.o (__libc_fini_array)
/usr/lib/gcc/arm-none-eabi/4.9.2/../../../../arm-none-eabi/lib/armv7-m/libc.a(lib_a-impure.o)
                              /usr/lib/gcc/arm-none-eabi/4.9.2/../../../../arm-none-eabi/lib/armv7-m/libc.a(lib_a-exit.o) (_global_impure_ptr)
/usr/lib/gcc/arm-none-eabi/4.9.2/../../../../arm-none-eabi/lib/armv7-m/libc.a(lib_a-init.o)
                              /usr/lib/gcc/arm-none-eabi/4.9.2/../../../../arm-none-eabi/lib/armv7-m/crt0.o (__libc_init_array)
/usr/lib/gcc/arm-none-eabi/4.9.2/../../../../arm-none-eabi/lib/armv7-m/libc.a(lib_a-__atexit.o)
                              /usr/lib/gcc/arm-none-eabi/4.9.2/../../../../arm-none-eabi/lib/armv7-m/libc.a(lib_a-atexit.o) (__register_exitproc)
/usr/lib/gcc/arm-none-eabi/4.9.2/../../../../arm-none-eabi/lib/armv7-m/libc.a(lib_a-__call_atexit.o)
                              /usr/lib/gcc/arm-none-eabi/4.9.2/../../../../arm-none-eabi/lib/armv7-m/libc.a(lib_a-exit.o) (__call_exitprocs)

Discarded input sections

 .text          0x0000000000000000        0x0 /usr/lib/gcc/arm-none-eabi/4.9.2/armv7-m/crti.o
 .bss           0x0000000000000000        0x0 /usr/lib/gcc/arm-none-eabi/4.9.2/armv7-m/crti.o
 .init          0x0000000000000000        0x4 /usr/lib/gcc/arm-none-eabi/4.9.2/armv7-m/crti.o
 .fini          0x0000000000000000        0x4 /usr/lib/gcc/arm-none-eabi/4.9.2/armv7-m/crti.o
 .text          0x0000000000000000        0x0 /usr/lib/gcc/arm-none-eabi/4.9.2/armv7-m/crtbegin.o
 .bss           0x0000000000000000        0x0 /usr/lib/gcc/arm-none-eabi/4.9.2/armv7-m/crtbegin.o
 .init_array    0x0000000000000000        0x4 /usr/lib/gcc/arm-none-eabi/4.9.2/armv7-m/crtbegin.o
 .fini_array    0x0000000000000000        0x4 /usr/lib/gcc/arm-none-eabi/4.9.2/armv7-m/crtbegin.o
 .eh_frame      0x0000000000000000        0x0 /usr/lib/gcc/arm-none-eabi/4.9.2/armv7-m/crtbegin.o
 .jcr           0x0000000000000000        0x0 /usr/lib/gcc/arm-none-eabi/4.9.2/armv7-m/crtbegin.o
 .data.__dso_handle
                0x0000000000000000        0x4 /usr/lib/gcc/arm-none-eabi/4.9.2/armv7-m/crtbegin.o
 .text.__do_global_dtors_aux
                0x0000000000000000       0x28 /usr/lib/gcc/arm-none-eabi/4.9.2/armv7-m/crtbegin.o
 .text.frame_dummy
                0x0000000000000000       0x34 /usr/lib/gcc/arm-none-eabi/4.9.2/armv7-m/crtbegin.o
 .bss.completed.8010
                0x0000000000000000        0x1 /usr/lib/gcc/arm-none-eabi/4.9.2/armv7-m/crtbegin.o
 .bss.object.8015
                0x0000000000000000       0x18 /usr/lib/gcc/arm-none-eabi/4.9.2/armv7-m/crtbegin.o
 .text          0x0000000000000000       0x68 /usr/lib/gcc/arm-none-eabi/4.9.2/../../../../arm-none-eabi/lib/armv7-m/crt0.o
 .bss           0x0000000000000000        0x0 /usr/lib/gcc/arm-none-eabi/4.9.2/../../../../arm-none-eabi/lib/armv7-m/crt0.o
 .ARM.extab     0x0000000000000000        0x0 /usr/lib/gcc/arm-none-eabi/4.9.2/../../../../arm-none-eabi/lib/armv7-m/crt0.o
 .ARM.exidx     0x0000000000000000        0x8 /usr/lib/gcc/arm-none-eabi/4.9.2/../../../../arm-none-eabi/lib/armv7-m/crt0.o
 .text          0x0000000000000000        0x0 src/main.c.11.o
 .bss           0x0000000000000000        0x0 src/main.c.11.o
 .text          0x0000000000000000        0x0 src/simply/simply.c.11.o
 .bss           0x0000000000000000        0x0 src/simply/simply.c.11.o
 .text          0x0000000000000000        0x0 src/simply/simply_accel.c.11.o
 .bss           0x0000000000000000        0x0 src/simply/simply_accel.c.11.o
 .text          0x0000000000000000        0x0 src/simply/simply_menu.c.11.o
 .bss           0x0000000000000000        0x0 src/simply/simply_menu.c.11.o
 .text          0x0000000000000000        0x0 src/simply/simply_msg.c.11.o
 .bss           0x0000000000000000        0x0 src/simply/simply_msg.c.11.o
 .text          0x0000000000000000        0x0 src/simply/simply_res.c.11.o
 .bss           0x0000000000000000        0x0 src/simply/simply_res.c.11.o
 .text.simply_res_remove_image
                0x0000000000000000       0x28 src/simply/simply_res.c.11.o
 .text          0x0000000000000000        0x0 src/simply/simply_splash.c.11.o
[...]
Memory Configuration

Name             Origin             Length             Attributes
APP              0x0000000000000000 0x0000000000006000 xrw
*default*        0x0000000000000000 0xffffffffffffffff

Linker script and memory map

LOAD /usr/lib/gcc/arm-none-eabi/4.9.2/armv7-m/crti.o
LOAD /usr/lib/gcc/arm-none-eabi/4.9.2/armv7-m/crtbegin.o
LOAD /usr/lib/gcc/arm-none-eabi/4.9.2/../../../../arm-none-eabi/lib/armv7-m/crt0.o
LOAD src/main.c.11.o
LOAD src/simply/simply.c.11.o
LOAD src/simply/simply_accel.c.11.o
LOAD src/simply/simply_menu.c.11.o
LOAD src/simply/simply_msg.c.11.o
LOAD src/simply/simply_res.c.11.o
LOAD src/simply/simply_splash.c.11.o
LOAD src/simply/simply_stage.c.11.o
LOAD src/simply/simply_ui.c.11.o
LOAD src/simply/simply_window.c.11.o
LOAD src/simply/simply_window_stack.c.11.o
LOAD appinfo.auto.c.11.o
LOAD /opt/pebble/Pebble/lib/libpebble.a
START GROUP
LOAD /usr/lib/gcc/arm-none-eabi/4.9.2/armv7-m/libgcc.a
LOAD /usr/lib/gcc/arm-none-eabi/4.9.2/../../../../arm-none-eabi/lib/armv7-m/libc.a
END GROUP
LOAD /usr/lib/gcc/arm-none-eabi/4.9.2/armv7-m/crtend.o
LOAD /usr/lib/gcc/arm-none-eabi/4.9.2/armv7-m/crtn.o

.header         0x0000000000000000       0x82
 *(.pbl_header)
 .pbl_header    0x0000000000000000       0x82 appinfo.auto.c.11.o
                0x0000000000000000                __pbl_app_info

.text           0x0000000000000084     0x2c55
 *(.text)
 .text          0x0000000000000084       0x14 /opt/pebble/Pebble/lib/libpebble.a(tmpL9Cjnwpebble.o)
 *(.text.*)
 .text.startup.main
                0x0000000000000098       0x16 src/main.c.11.o
                0x0000000000000098                main
 .text.simply_init
                0x00000000000000ae       0x56 src/simply/simply.c.11.o
                0x00000000000000ae                simply_init
 .text.simply_deinit
                0x0000000000000104       0x38 src/simply/simply.c.11.o
                0x0000000000000104                simply_deinit
 .text.handle_accel_data
                0x000000000000013c       0x1c src/simply/simply_accel.c.11.o
 .text.handle_accel_tap
                0x0000000000000158       0x18 src/simply/simply_accel.c.11.o
 .text.simply_accel_set_data_subscribe
                0x0000000000000170       0x2c src/simply/simply_accel.c.11.o
                0x0000000000000170                simply_accel_set_data_subscribe
 .text.simply_accel_peek
                0x000000000000019c        0xc src/simply/simply_accel.c.11.o
                0x000000000000019c                simply_accel_peek
 .text.simply_accel_create
                0x00000000000001a8       0x38 src/simply/simply_accel.c.11.o
                0x00000000000001a8                simply_accel_create
 .text.simply_accel_destroy
                0x00000000000001e0       0x20 src/simply/simply_accel.c.11.o
                0x00000000000001e0                simply_accel_destroy
 .text.list1_remove
                0x0000000000000200       0x34 src/simply/simply_menu.c.11.o
 .text.section_filter
                0x0000000000000234        0xc src/simply/simply_menu.c.11.o
 .text.item_filter
                0x0000000000000240       0x1a src/simply/simply_menu.c.11.o
 .text.menu_get_num_sections_callback
                0x000000000000025a        0x4 src/simply/simply_menu.c.11.o
 *fill*         0x000000000000025e        0x2 
 .text.destroy_section
                0x0000000000000260       0x2c src/simply/simply_menu.c.11.o
 .text.destroy_item
                0x000000000000028c       0x2c src/simply/simply_menu.c.11.o
 .text.window_unload
                0x00000000000002b8       0x1c src/simply/simply_menu.c.11.o
 .text.window_appear
                0x00000000000002d4       0x14 src/simply/simply_menu.c.11.o
 .text.single_click_handler
                0x00000000000002e8       0x1a src/simply/simply_menu.c.11.o
 .text.menu_select_long_click_callback
                0x0000000000000302        0xe src/simply/simply_menu.c.11.o
 .text.menu_select_click_callback
                0x0000000000000310        0xe src/simply/simply_menu.c.11.o
 .text.mark_dirty.isra.2
                0x000000000000031e        0x8 src/simply/simply_menu.c.11.o
 *fill*         0x0000000000000326        0x2 
 .text.window_load
                0x0000000000000328       0xec src/simply/simply_menu.c.11.o
 .text.list1_find_prev.constprop.5
                0x0000000000000414       0x1a src/simply/simply_menu.c.11.o
 *fill*         0x000000000000042e        0x2 
 .text.add_item
                0x0000000000000430       0x50 src/simply/simply_menu.c.11.o
 .text.click_config_provider
                0x0000000000000480       0x24 src/simply/simply_menu.c.11.o
 .text.get_menu_section.isra.0
                0x00000000000004a4       0x10 src/simply/simply_menu.c.11.o
 .text.menu_get_num_rows_callback
                0x00000000000004b4       0x12 src/simply/simply_menu.c.11.o
 *fill*         0x00000000000004c6        0x2 
 .text.menu_get_header_height_callback
                0x00000000000004c8       0x24 src/simply/simply_menu.c.11.o
 .text.add_section
                0x00000000000004ec       0x4c src/simply/simply_menu.c.11.o
 .text.request_menu_section
                0x0000000000000538       0x3a src/simply/simply_menu.c.11.o
 .text.menu_draw_header_callback
                0x0000000000000572       0x42 src/simply/simply_menu.c.11.o
 .text.menu_draw_row_callback
                0x00000000000005b4       0xb4 src/simply/simply_menu.c.11.o
 .text.simply_menu_set_num_sections
                0x0000000000000668        0xe src/simply/simply_menu.c.11.o
                0x0000000000000668                simply_menu_set_num_sections
 *fill*         0x0000000000000676        0x2 
 .text.simply_menu_add_section
                0x0000000000000678       0x24 src/simply/simply_menu.c.11.o
                0x0000000000000678                simply_menu_add_section
 .text.simply_menu_add_item
                0x000000000000069c       0x24 src/simply/simply_menu.c.11.o
                0x000000000000069c                simply_menu_add_item
 .text.simply_menu_get_selection
                0x00000000000006c0       0x1e src/simply/simply_menu.c.11.o
                0x00000000000006c0                simply_menu_get_selection
 .text.simply_menu_set_selection
                0x00000000000006de        0xc src/simply/simply_menu.c.11.o
                0x00000000000006de                simply_menu_set_selection
 *fill*         0x00000000000006ea        0x2 
 .text.simply_menu_clear_section_items
                0x00000000000006ec       0x28 src/simply/simply_menu.c.11.o
                0x00000000000006ec                simply_menu_clear_section_items
 .text.simply_menu_clear
                0x0000000000000714       0x26 src/simply/simply_menu.c.11.o
                0x0000000000000714                simply_menu_clear
 .text.window_disappear
                0x000000000000073a       0x1c src/simply/simply_menu.c.11.o
 *fill*         0x0000000000000756        0x2 
 .text.simply_menu_create
                0x0000000000000758       0x58 src/simply/simply_menu.c.11.o
                0x0000000000000758                simply_menu_create
 .text.simply_menu_destroy
                0x00000000000007b0       0x16 src/simply/simply_menu.c.11.o
                0x00000000000007b0                simply_menu_destroy
 .text.dropped_callback
                0x00000000000007c6        0x2 src/simply/simply_msg.c.11.o
 .text.sent_callback
                0x00000000000007c8        0x2 src/simply/simply_msg.c.11.o
 .text.strdup2  0x00000000000007ca       0x26 src/simply/simply_msg.c.11.o
 .text.malloc0  0x00000000000007f0       0x18 src/simply/simply_msg.c.11.o
 .text.add_packet
                0x0000000000000808       0x6c src/simply/simply_msg.c.11.o
 .text.send_menu_item
                0x0000000000000874       0x2c src/simply/simply_msg.c.11.o
 .text.send_msg
                0x00000000000008a0       0x32 src/simply/simply_msg.c.11.o
 *fill*         0x00000000000008d2        0x2 
 .text.send_msg_retry
                0x00000000000008d4       0xd4 src/simply/simply_msg.c.11.o
 .text.get_top_simply_window.isra.2
                0x00000000000009a8       0x20 src/simply/simply_msg.c.11.o
 .text.simply_msg_has_communicated
                0x00000000000009c8        0xc src/simply/simply_msg.c.11.o
                0x00000000000009c8                simply_msg_has_communicated
 .text.simply_msg_show_disconnected
                0x00000000000009d4       0x58 src/simply/simply_msg.c.11.o
                0x00000000000009d4                simply_msg_show_disconnected
 .text.failed_callback
                0x0000000000000a2c       0x18 src/simply/simply_msg.c.11.o
 .text.simply_msg_create
                0x0000000000000a44       0x60 src/simply/simply_msg.c.11.o
                0x0000000000000a44                simply_msg_create
 .text.simply_msg_destroy
                0x0000000000000aa4       0x1c src/simply/simply_msg.c.11.o
                0x0000000000000aa4                simply_msg_destroy
 .text.simply_msg_single_click
                0x0000000000000ac0       0x26 src/simply/simply_msg.c.11.o
                0x0000000000000ac0                simply_msg_single_click
 .text.simply_msg_long_click
                0x0000000000000ae6       0x26 src/simply/simply_msg.c.11.o
                0x0000000000000ae6                simply_msg_long_click
 .text.send_window
                0x0000000000000b0c       0x38 src/simply/simply_msg.c.11.o
                0x0000000000000b0c                send_window
 .text.simply_msg_window_show
                0x0000000000000b44        0x8 src/simply/simply_msg.c.11.o
                0x0000000000000b44                simply_msg_window_show
 .text.simply_msg_window_hide
                0x0000000000000b4c        0x8 src/simply/simply_msg.c.11.o
                0x0000000000000b4c                simply_msg_window_hide
 .text.simply_msg_accel_tap
                0x0000000000000b54       0x2a src/simply/simply_msg.c.11.o
                0x0000000000000b54                simply_msg_accel_tap
 .text.simply_msg_accel_data
                0x0000000000000b7e       0x4a src/simply/simply_msg.c.11.o
                0x0000000000000b7e                simply_msg_accel_data
 .text.accel_peek_timer_callback
                0x0000000000000bc8       0x3c src/simply/simply_msg.c.11.o
 .text.simply_msg_menu_get_section
                0x0000000000000c04        0xa src/simply/simply_msg.c.11.o
                0x0000000000000c04                simply_msg_menu_get_section
 .text.simply_msg_menu_get_item
                0x0000000000000c0e       0x12 src/simply/simply_msg.c.11.o
                0x0000000000000c0e                simply_msg_menu_get_item
 .text.simply_msg_menu_select_click
                0x0000000000000c20       0x12 src/simply/simply_msg.c.11.o
                0x0000000000000c20                simply_msg_menu_select_click
 .text.simply_msg_menu_select_long_click
                0x0000000000000c32       0x12 src/simply/simply_msg.c.11.o
                0x0000000000000c32                simply_msg_menu_select_long_click
 .text.simply_msg_send_menu_selection
                0x0000000000000c44       0x20 src/simply/simply_msg.c.11.o
                0x0000000000000c44                simply_msg_send_menu_selection
 .text.received_callback
                0x0000000000000c64      0x454 src/simply/simply_msg.c.11.o
 .text.simply_msg_animate_element_done
                0x00000000000010b8       0x26 src/simply/simply_msg.c.11.o
                0x00000000000010b8                simply_msg_animate_element_done
 .text.list1_remove
                0x00000000000010de       0x34 src/simply/simply_res.c.11.o
 .text.window_stack_schedule_top_window_render
                0x0000000000001112       0x12 src/simply/simply_res.c.11.o
 .text.simply_res_add_bundled_image
                0x0000000000001124       0x6c src/simply/simply_res.c.11.o
                0x0000000000001124                simply_res_add_bundled_image
 .text.simply_res_add_image
                0x0000000000001190       0x88 src/simply/simply_res.c.11.o
                0x0000000000001190                simply_res_add_image
 .text.simply_res_auto_image
                0x0000000000001218       0x40 src/simply/simply_res.c.11.o
                0x0000000000001218                simply_res_auto_image
 .text.simply_res_add_custom_font
                0x0000000000001258       0x3c src/simply/simply_res.c.11.o
                0x0000000000001258                simply_res_add_custom_font
 .text.simply_res_auto_font
                0x0000000000001294       0x26 src/simply/simply_res.c.11.o
                0x0000000000001294                simply_res_auto_font
 .text.simply_res_clear
                0x00000000000012ba       0x3c src/simply/simply_res.c.11.o
                0x00000000000012ba                simply_res_clear
 .text.simply_res_create
                0x00000000000012f6       0x28 src/simply/simply_res.c.11.o
                0x00000000000012f6                simply_res_create
 .text.simply_res_destroy
                0x000000000000131e       0x12 src/simply/simply_res.c.11.o
                0x000000000000131e                simply_res_destroy
 .text.layer_update_callback
                0x0000000000001330       0x24 src/simply/simply_splash.c.11.o
                0x0000000000001330                layer_update_callback
 .text.window_load
                0x0000000000001354       0x12 src/simply/simply_splash.c.11.o
 *fill*         0x0000000000001366        0x2 
 .text.simply_splash_create
                0x0000000000001368       0x7c src/simply/simply_splash.c.11.o
                0x0000000000001368                simply_splash_create
 .text.simply_splash_destroy
                0x00000000000013e4       0x20 src/simply/simply_splash.c.11.o
                0x00000000000013e4                simply_splash_destroy
 .text.window_disappear
                0x0000000000001404       0x1a src/simply/simply_splash.c.11.o
 .text.list1_remove
                0x000000000000141e       0x34 src/simply/simply_stage.c.11.o
 .text.element_frame_getter
                0x0000000000001452       0x10 src/simply/simply_stage.c.11.o
 .text.malloc0  0x0000000000001462       0x18 src/simply/simply_stage.c.11.o
 .text.handle_tick
                0x000000000000147a       0x12 src/simply/simply_stage.c.11.o
                0x000000000000147a                handle_tick
 .text.window_unload
                0x000000000000148c       0x1e src/simply/simply_stage.c.11.o
 *fill*         0x00000000000014aa        0x2 
 .text.window_load
                0x00000000000014ac       0x60 src/simply/simply_stage.c.11.o
 .text.rect_element_draw.isra.4
                0x000000000000150c       0x58 src/simply/simply_stage.c.11.o
 .text.animation_stopped
                0x0000000000001564       0x34 src/simply/simply_stage.c.11.o
 .text.layer_update_callback
                0x0000000000001598      0x278 src/simply/simply_stage.c.11.o
 .text.simply_stage_auto_element
                0x0000000000001810       0x74 src/simply/simply_stage.c.11.o
                0x0000000000001810                simply_stage_auto_element
 .text.simply_stage_remove_element
                0x0000000000001884       0x24 src/simply/simply_stage.c.11.o
                0x0000000000001884                simply_stage_remove_element
 .text.simply_stage_insert_element
                0x00000000000018a8       0x42 src/simply/simply_stage.c.11.o
                0x00000000000018a8                simply_stage_insert_element
 .text.simply_stage_set_element_frame
                0x00000000000018ea       0x2e src/simply/simply_stage.c.11.o
                0x00000000000018ea                simply_stage_set_element_frame
 .text.simply_stage_animate_element
                0x0000000000001918       0xb8 src/simply/simply_stage.c.11.o
                0x0000000000001918                simply_stage_animate_element
 .text.simply_stage_update
                0x00000000000019d0        0xa src/simply/simply_stage.c.11.o
                0x00000000000019d0                simply_stage_update
 .text.element_frame_setter
                0x00000000000019da       0x20 src/simply/simply_stage.c.11.o
 *fill*         0x00000000000019fa        0x2 
 .text.simply_stage_update_ticker
                0x00000000000019fc       0x2c src/simply/simply_stage.c.11.o
                0x00000000000019fc                simply_stage_update_ticker
 .text.simply_stage_clear
                0x0000000000001a28       0x5a src/simply/simply_stage.c.11.o
                0x0000000000001a28                simply_stage_clear
 .text.window_disappear
                0x0000000000001a82       0x1c src/simply/simply_stage.c.11.o
 .text.window_appear
                0x0000000000001a9e       0x1c src/simply/simply_stage.c.11.o
 *fill*         0x0000000000001aba        0x2 
 .text.simply_stage_create
                0x0000000000001abc       0x54 src/simply/simply_stage.c.11.o
                0x0000000000001abc                simply_stage_create
 .text.simply_stage_destroy
                0x0000000000001b10       0x16 src/simply/simply_stage.c.11.o
                0x0000000000001b10                simply_stage_destroy
 .text.window_unload
                0x0000000000001b26       0x1e src/simply/simply_ui.c.11.o
 .text.window_disappear
                0x0000000000001b44       0x14 src/simply/simply_ui.c.11.o
 .text.window_appear
                0x0000000000001b58       0x14 src/simply/simply_ui.c.11.o
 .text.graphics_draw_bitmap_centered
                0x0000000000001b6c       0x52 src/simply/simply_ui.c.11.o
 .text.show_welcome_text
                0x0000000000001bbe       0x18 src/simply/simply_ui.c.11.o
 *fill*         0x0000000000001bd6        0x2 
 .text.layer_update_callback
                0x0000000000001bd8      0x478 src/simply/simply_ui.c.11.o
 .text.simply_ui_set_style
                0x0000000000002050       0x38 src/simply/simply_ui.c.11.o
                0x0000000000002050                simply_ui_set_style
 .text.window_load
                0x0000000000002088       0x68 src/simply/simply_ui.c.11.o
 .text.simply_ui_set_text
                0x00000000000020f0       0x4c src/simply/simply_ui.c.11.o
                0x00000000000020f0                simply_ui_set_text
 .text.simply_ui_clear
                0x000000000000213c       0x3c src/simply/simply_ui.c.11.o
                0x000000000000213c                simply_ui_clear
 .text.simply_ui_create
                0x0000000000002178       0x64 src/simply/simply_ui.c.11.o
                0x0000000000002178                simply_ui_create
 .text.simply_ui_destroy
                0x00000000000021dc       0x2a src/simply/simply_ui.c.11.o
                0x00000000000021dc                simply_ui_destroy
 .text.long_click_handler
                0x0000000000002206       0x26 src/simply/simply_window.c.11.o
 .text.simply_window_single_click_handler
                0x000000000000222c       0x50 src/simply/simply_window.c.11.o
                0x000000000000222c                simply_window_single_click_handler
 .text.set_scroll_layer_click_config
                0x000000000000227c       0x38 src/simply/simply_window.c.11.o
 .text.click_config_provider
                0x00000000000022b4       0x7c src/simply/simply_window.c.11.o
 .text.simply_window_set_scrollable
                0x0000000000002330       0x62 src/simply/simply_window.c.11.o
                0x0000000000002330                simply_window_set_scrollable
 .text.simply_window_set_fullscreen
                0x0000000000002392       0x68 src/simply/simply_window.c.11.o
                0x0000000000002392                simply_window_set_fullscreen
 .text.simply_window_set_background_color
                0x00000000000023fa        0xa src/simply/simply_window.c.11.o
                0x00000000000023fa                simply_window_set_background_color
 .text.simply_window_set_action_bar
                0x0000000000002404       0x44 src/simply/simply_window.c.11.o
                0x0000000000002404                simply_window_set_action_bar
 .text.simply_window_set_action_bar_icon
                0x0000000000002448       0x38 src/simply/simply_window.c.11.o
                0x0000000000002448                simply_window_set_action_bar_icon
 .text.simply_window_set_action_bar_background_color
                0x0000000000002480       0x1a src/simply/simply_window.c.11.o
                0x0000000000002480                simply_window_set_action_bar_background_color
 .text.simply_window_action_bar_clear
                0x000000000000249a       0x1e src/simply/simply_window.c.11.o
                0x000000000000249a                simply_window_action_bar_clear
 .text.simply_window_load
                0x00000000000024b8       0x50 src/simply/simply_window.c.11.o
                0x00000000000024b8                simply_window_load
 .text.simply_window_unload
                0x0000000000002508       0x10 src/simply/simply_window.c.11.o
                0x0000000000002508                simply_window_unload
 .text.simply_window_init
                0x0000000000002518       0x40 src/simply/simply_window.c.11.o
                0x0000000000002518                simply_window_init
 .text.simply_window_deinit
                0x0000000000002558       0x1a src/simply/simply_window.c.11.o
                0x0000000000002558                simply_window_deinit
 .text.simply_window_stack_show
                0x0000000000002572       0x4c src/simply/simply_window_stack.c.11.o
                0x0000000000002572                simply_window_stack_show
 .text.simply_window_stack_pop
                0x00000000000025be       0x26 src/simply/simply_window_stack.c.11.o
                0x00000000000025be                simply_window_stack_pop
 .text.simply_window_stack_send_show
                0x00000000000025e4       0x12 src/simply/simply_window_stack.c.11.o
                0x00000000000025e4                simply_window_stack_send_show
 .text.simply_window_stack_send_hide
                0x00000000000025f6       0x2a src/simply/simply_window_stack.c.11.o
                0x00000000000025f6                simply_window_stack_send_hide
 .text.simply_window_stack_back
                0x0000000000002620       0x1a src/simply/simply_window_stack.c.11.o
                0x0000000000002620                simply_window_stack_back
 .text.simply_window_stack_create
                0x000000000000263a       0x20 src/simply/simply_window_stack.c.11.o
                0x000000000000263a                simply_window_stack_create
 .text.simply_window_stack_destroy
                0x000000000000265a       0x18 src/simply/simply_window_stack.c.11.o
                0x000000000000265a                simply_window_stack_destroy
 *fill*         0x0000000000002672        0x2 
 .text.accel_data_service_unsubscribe
                0x0000000000002674        0xc /opt/pebble/Pebble/lib/libpebble.a(tmpL9Cjnwpebble.o)
                0x0000000000002674                accel_data_service_unsubscribe
 .text.accel_service_peek
                0x0000000000002680        0xc /opt/pebble/Pebble/lib/libpebble.a(tmpL9Cjnwpebble.o)
                0x0000000000002680                accel_service_peek
 .text.accel_service_set_sampling_rate
                0x000000000000268c        0xc /opt/pebble/Pebble/lib/libpebble.a(tmpL9Cjnwpebble.o)
                0x000000000000268c                accel_service_set_sampling_rate
 .text.accel_tap_service_subscribe
                0x0000000000002698        0xc /opt/pebble/Pebble/lib/libpebble.a(tmpL9Cjnwpebble.o)
                0x0000000000002698                accel_tap_service_subscribe
 .text.accel_tap_service_unsubscribe
                0x00000000000026a4        0xc /opt/pebble/Pebble/lib/libpebble.a(tmpL9Cjnwpebble.o)
                0x00000000000026a4                accel_tap_service_unsubscribe
 .text.action_bar_layer_add_to_window
                0x00000000000026b0        0xc /opt/pebble/Pebble/lib/libpebble.a(tmpL9Cjnwpebble.o)
                0x00000000000026b0                action_bar_layer_add_to_window
 .text.action_bar_layer_clear_icon
                0x00000000000026bc        0xc /opt/pebble/Pebble/lib/libpebble.a(tmpL9Cjnwpebble.o)
                0x00000000000026bc                action_bar_layer_clear_icon
 .text.action_bar_layer_create
                0x00000000000026c8        0xc /opt/pebble/Pebble/lib/libpebble.a(tmpL9Cjnwpebble.o)
                0x00000000000026c8                action_bar_layer_create
 .text.action_bar_layer_destroy
                0x00000000000026d4        0xc /opt/pebble/Pebble/lib/libpebble.a(tmpL9Cjnwpebble.o)
                0x00000000000026d4                action_bar_layer_destroy
 .text.action_bar_layer_remove_from_window
                0x00000000000026e0        0xc /opt/pebble/Pebble/lib/libpebble.a(tmpL9Cjnwpebble.o)
                0x00000000000026e0                action_bar_layer_remove_from_window
 .text.action_bar_layer_set_background_color
                0x00000000000026ec        0xc /opt/pebble/Pebble/lib/libpebble.a(tmpL9Cjnwpebble.o)
                0x00000000000026ec                action_bar_layer_set_background_color
 .text.action_bar_layer_set_click_config_provider
                0x00000000000026f8        0xc /opt/pebble/Pebble/lib/libpebble.a(tmpL9Cjnwpebble.o)
                0x00000000000026f8                action_bar_layer_set_click_config_provider
 .text.action_bar_layer_set_context
                0x0000000000002704        0xc /opt/pebble/Pebble/lib/libpebble.a(tmpL9Cjnwpebble.o)
                0x0000000000002704                action_bar_layer_set_context
 .text.action_bar_layer_set_icon
                0x0000000000002710        0xc /opt/pebble/Pebble/lib/libpebble.a(tmpL9Cjnwpebble.o)
                0x0000000000002710                action_bar_layer_set_icon
 .text.animation_schedule
                0x000000000000271c        0xc /opt/pebble/Pebble/lib/libpebble.a(tmpL9Cjnwpebble.o)
                0x000000000000271c                animation_schedule
 .text.animation_set_curve
                0x0000000000002728        0xc /opt/pebble/Pebble/lib/libpebble.a(tmpL9Cjnwpebble.o)
                0x0000000000002728                animation_set_curve
 .text.animation_set_duration
                0x0000000000002734        0xc /opt/pebble/Pebble/lib/libpebble.a(tmpL9Cjnwpebble.o)
                0x0000000000002734                animation_set_duration
 .text.animation_set_handlers
                0x0000000000002740        0xc /opt/pebble/Pebble/lib/libpebble.a(tmpL9Cjnwpebble.o)
                0x0000000000002740                animation_set_handlers
 .text.animation_unschedule
                0x000000000000274c        0xc /opt/pebble/Pebble/lib/libpebble.a(tmpL9Cjnwpebble.o)
                0x000000000000274c                animation_unschedule
 .text.app_event_loop
                0x0000000000002758        0xc /opt/pebble/Pebble/lib/libpebble.a(tmpL9Cjnwpebble.o)
                0x0000000000002758                app_event_loop
 .text.app_message_deregister_callbacks
                0x0000000000002764        0xc /opt/pebble/Pebble/lib/libpebble.a(tmpL9Cjnwpebble.o)
                0x0000000000002764                app_message_deregister_callbacks
 .text.app_message_open
                0x0000000000002770        0xc /opt/pebble/Pebble/lib/libpebble.a(tmpL9Cjnwpebble.o)
                0x0000000000002770                app_message_open
 .text.app_timer_cancel
                0x000000000000277c        0xc /opt/pebble/Pebble/lib/libpebble.a(tmpL9Cjnwpebble.o)
                0x000000000000277c                app_timer_cancel
 .text.app_timer_register
                0x0000000000002788        0xc /opt/pebble/Pebble/lib/libpebble.a(tmpL9Cjnwpebble.o)
                0x0000000000002788                app_timer_register
 .text.click_recognizer_get_button_id
                0x0000000000002794        0xc /opt/pebble/Pebble/lib/libpebble.a(tmpL9Cjnwpebble.o)
                0x0000000000002794                click_recognizer_get_button_id
 .text.dict_find
                0x00000000000027a0        0xc /opt/pebble/Pebble/lib/libpebble.a(tmpL9Cjnwpebble.o)
                0x00000000000027a0                dict_find
 .text.dict_write_data
                0x00000000000027ac        0xc /opt/pebble/Pebble/lib/libpebble.a(tmpL9Cjnwpebble.o)
                0x00000000000027ac                dict_write_data
 .text.fonts_get_system_font
                0x00000000000027b8        0xc /opt/pebble/Pebble/lib/libpebble.a(tmpL9Cjnwpebble.o)
                0x00000000000027b8                fonts_get_system_font
 .text.fonts_load_custom_font
                0x00000000000027c4        0xc /opt/pebble/Pebble/lib/libpebble.a(tmpL9Cjnwpebble.o)
                0x00000000000027c4                fonts_load_custom_font
 .text.fonts_unload_custom_font
                0x00000000000027d0        0xc /opt/pebble/Pebble/lib/libpebble.a(tmpL9Cjnwpebble.o)
                0x00000000000027d0                fonts_unload_custom_font
 .text.free     0x00000000000027dc        0xc /opt/pebble/Pebble/lib/libpebble.a(tmpL9Cjnwpebble.o)
                0x00000000000027dc                free
 .text.gbitmap_create_with_resource
                0x00000000000027e8        0xc /opt/pebble/Pebble/lib/libpebble.a(tmpL9Cjnwpebble.o)
                0x00000000000027e8                gbitmap_create_with_resource
 .text.gbitmap_destroy
                0x00000000000027f4        0xc /opt/pebble/Pebble/lib/libpebble.a(tmpL9Cjnwpebble.o)
                0x00000000000027f4                gbitmap_destroy
 .text.graphics_context_set_compositing_mode
                0x0000000000002800        0xc /opt/pebble/Pebble/lib/libpebble.a(tmpL9Cjnwpebble.o)
                0x0000000000002800                graphics_context_set_compositing_mode
 .text.graphics_context_set_fill_color
                0x000000000000280c        0xc /opt/pebble/Pebble/lib/libpebble.a(tmpL9Cjnwpebble.o)
                0x000000000000280c                graphics_context_set_fill_color
 .text.graphics_context_set_stroke_color
                0x0000000000002818        0xc /opt/pebble/Pebble/lib/libpebble.a(tmpL9Cjnwpebble.o)
                0x0000000000002818                graphics_context_set_stroke_color
 .text.graphics_context_set_text_color
                0x0000000000002824        0xc /opt/pebble/Pebble/lib/libpebble.a(tmpL9Cjnwpebble.o)
                0x0000000000002824                graphics_context_set_text_color
 .text.graphics_draw_bitmap_in_rect
                0x0000000000002830        0xc /opt/pebble/Pebble/lib/libpebble.a(tmpL9Cjnwpebble.o)
                0x0000000000002830                graphics_draw_bitmap_in_rect
 .text.graphics_draw_circle
                0x000000000000283c        0xc /opt/pebble/Pebble/lib/libpebble.a(tmpL9Cjnwpebble.o)
                0x000000000000283c                graphics_draw_circle
 .text.graphics_draw_round_rect
                0x0000000000002848        0xc /opt/pebble/Pebble/lib/libpebble.a(tmpL9Cjnwpebble.o)
                0x0000000000002848                graphics_draw_round_rect
 .text.graphics_fill_circle
                0x0000000000002854        0xc /opt/pebble/Pebble/lib/libpebble.a(tmpL9Cjnwpebble.o)
                0x0000000000002854                graphics_fill_circle
 .text.graphics_fill_rect
                0x0000000000002860        0xc /opt/pebble/Pebble/lib/libpebble.a(tmpL9Cjnwpebble.o)
                0x0000000000002860                graphics_fill_rect
 .text.inverter_layer_create
                0x000000000000286c        0xc /opt/pebble/Pebble/lib/libpebble.a(tmpL9Cjnwpebble.o)
                0x000000000000286c                inverter_layer_create
 .text.inverter_layer_destroy
                0x0000000000002878        0xc /opt/pebble/Pebble/lib/libpebble.a(tmpL9Cjnwpebble.o)
                0x0000000000002878                inverter_layer_destroy
 .text.inverter_layer_get_layer
                0x0000000000002884        0xc /opt/pebble/Pebble/lib/libpebble.a(tmpL9Cjnwpebble.o)
                0x0000000000002884                inverter_layer_get_layer
 .text.layer_add_child
                0x0000000000002890        0xc /opt/pebble/Pebble/lib/libpebble.a(tmpL9Cjnwpebble.o)
                0x0000000000002890                layer_add_child
 .text.layer_create_with_data
                0x000000000000289c        0xc /opt/pebble/Pebble/lib/libpebble.a(tmpL9Cjnwpebble.o)
                0x000000000000289c                layer_create_with_data
 .text.layer_destroy
                0x00000000000028a8        0xc /opt/pebble/Pebble/lib/libpebble.a(tmpL9Cjnwpebble.o)
                0x00000000000028a8                layer_destroy
 .text.layer_get_bounds
                0x00000000000028b4        0xc /opt/pebble/Pebble/lib/libpebble.a(tmpL9Cjnwpebble.o)
                0x00000000000028b4                layer_get_bounds
 .text.layer_get_data
                0x00000000000028c0        0xc /opt/pebble/Pebble/lib/libpebble.a(tmpL9Cjnwpebble.o)
                0x00000000000028c0                layer_get_data
 .text.layer_get_frame
                0x00000000000028cc        0xc /opt/pebble/Pebble/lib/libpebble.a(tmpL9Cjnwpebble.o)
                0x00000000000028cc                layer_get_frame
 .text.layer_get_window
                0x00000000000028d8        0xc /opt/pebble/Pebble/lib/libpebble.a(tmpL9Cjnwpebble.o)
                0x00000000000028d8                layer_get_window
 .text.layer_mark_dirty
                0x00000000000028e4        0xc /opt/pebble/Pebble/lib/libpebble.a(tmpL9Cjnwpebble.o)
                0x00000000000028e4                layer_mark_dirty
 .text.layer_remove_from_parent
                0x00000000000028f0        0xc /opt/pebble/Pebble/lib/libpebble.a(tmpL9Cjnwpebble.o)
                0x00000000000028f0                layer_remove_from_parent
 .text.layer_set_bounds
                0x00000000000028fc        0xc /opt/pebble/Pebble/lib/libpebble.a(tmpL9Cjnwpebble.o)
                0x00000000000028fc                layer_set_bounds
 .text.layer_set_frame
                0x0000000000002908        0xc /opt/pebble/Pebble/lib/libpebble.a(tmpL9Cjnwpebble.o)
                0x0000000000002908                layer_set_frame
 .text.layer_set_update_proc
                0x0000000000002914        0xc /opt/pebble/Pebble/lib/libpebble.a(tmpL9Cjnwpebble.o)
                0x0000000000002914                layer_set_update_proc
 .text.localtime
                0x0000000000002920        0xc /opt/pebble/Pebble/lib/libpebble.a(tmpL9Cjnwpebble.o)
                0x0000000000002920                localtime
 .text.malloc   0x000000000000292c        0xc /opt/pebble/Pebble/lib/libpebble.a(tmpL9Cjnwpebble.o)
                0x000000000000292c                malloc
 .text.memcpy   0x0000000000002938        0xc /opt/pebble/Pebble/lib/libpebble.a(tmpL9Cjnwpebble.o)
                0x0000000000002938                memcpy
 .text.memset   0x0000000000002944        0xc /opt/pebble/Pebble/lib/libpebble.a(tmpL9Cjnwpebble.o)
                0x0000000000002944                memset
 .text.menu_cell_basic_draw
                0x0000000000002950        0xc /opt/pebble/Pebble/lib/libpebble.a(tmpL9Cjnwpebble.o)
                0x0000000000002950                menu_cell_basic_draw
 .text.menu_cell_basic_header_draw
                0x000000000000295c        0xc /opt/pebble/Pebble/lib/libpebble.a(tmpL9Cjnwpebble.o)
                0x000000000000295c                menu_cell_basic_header_draw
 .text.menu_layer_create
                0x0000000000002968        0xc /opt/pebble/Pebble/lib/libpebble.a(tmpL9Cjnwpebble.o)
                0x0000000000002968                menu_layer_create
 .text.menu_layer_destroy
                0x0000000000002974        0xc /opt/pebble/Pebble/lib/libpebble.a(tmpL9Cjnwpebble.o)
                0x0000000000002974                menu_layer_destroy
 .text.menu_layer_get_layer
                0x0000000000002980        0xc /opt/pebble/Pebble/lib/libpebble.a(tmpL9Cjnwpebble.o)
                0x0000000000002980                menu_layer_get_layer
 .text.menu_layer_get_selected_index
                0x000000000000298c        0xc /opt/pebble/Pebble/lib/libpebble.a(tmpL9Cjnwpebble.o)
                0x000000000000298c                menu_layer_get_selected_index
 .text.menu_layer_reload_data
                0x0000000000002998        0xc /opt/pebble/Pebble/lib/libpebble.a(tmpL9Cjnwpebble.o)
                0x0000000000002998                menu_layer_reload_data
 .text.menu_layer_set_click_config_onto_window
                0x00000000000029a4        0xc /opt/pebble/Pebble/lib/libpebble.a(tmpL9Cjnwpebble.o)
                0x00000000000029a4                menu_layer_set_click_config_onto_window
 .text.menu_layer_set_selected_index
                0x00000000000029b0        0xc /opt/pebble/Pebble/lib/libpebble.a(tmpL9Cjnwpebble.o)
                0x00000000000029b0                menu_layer_set_selected_index
 .text.property_animation_create
                0x00000000000029bc        0xc /opt/pebble/Pebble/lib/libpebble.a(tmpL9Cjnwpebble.o)
                0x00000000000029bc                property_animation_create
 .text.property_animation_update_grect
                0x00000000000029c8        0xc /opt/pebble/Pebble/lib/libpebble.a(tmpL9Cjnwpebble.o)
                0x00000000000029c8                property_animation_update_grect
 .text.resource_get_handle
                0x00000000000029d4        0xc /opt/pebble/Pebble/lib/libpebble.a(tmpL9Cjnwpebble.o)
                0x00000000000029d4                resource_get_handle
 .text.scroll_layer_add_child
                0x00000000000029e0        0xc /opt/pebble/Pebble/lib/libpebble.a(tmpL9Cjnwpebble.o)
                0x00000000000029e0                scroll_layer_add_child
 .text.scroll_layer_create
                0x00000000000029ec        0xc /opt/pebble/Pebble/lib/libpebble.a(tmpL9Cjnwpebble.o)
                0x00000000000029ec                scroll_layer_create
 .text.scroll_layer_destroy
                0x00000000000029f8        0xc /opt/pebble/Pebble/lib/libpebble.a(tmpL9Cjnwpebble.o)
                0x00000000000029f8                scroll_layer_destroy
 .text.scroll_layer_get_content_offset
                0x0000000000002a04        0xc /opt/pebble/Pebble/lib/libpebble.a(tmpL9Cjnwpebble.o)
                0x0000000000002a04                scroll_layer_get_content_offset
 .text.scroll_layer_get_layer
                0x0000000000002a10        0xc /opt/pebble/Pebble/lib/libpebble.a(tmpL9Cjnwpebble.o)
                0x0000000000002a10                scroll_layer_get_layer
 .text.scroll_layer_set_click_config_onto_window
                0x0000000000002a1c        0xc /opt/pebble/Pebble/lib/libpebble.a(tmpL9Cjnwpebble.o)
                0x0000000000002a1c                scroll_layer_set_click_config_onto_window
 .text.scroll_layer_set_content_offset
                0x0000000000002a28        0xc /opt/pebble/Pebble/lib/libpebble.a(tmpL9Cjnwpebble.o)
                0x0000000000002a28                scroll_layer_set_content_offset
 .text.scroll_layer_set_content_size
                0x0000000000002a34        0xc /opt/pebble/Pebble/lib/libpebble.a(tmpL9Cjnwpebble.o)
                0x0000000000002a34                scroll_layer_set_content_size
 .text.scroll_layer_set_context
                0x0000000000002a40        0xc /opt/pebble/Pebble/lib/libpebble.a(tmpL9Cjnwpebble.o)
                0x0000000000002a40                scroll_layer_set_context
 .text.scroll_layer_set_frame
                0x0000000000002a4c        0xc /opt/pebble/Pebble/lib/libpebble.a(tmpL9Cjnwpebble.o)
                0x0000000000002a4c                scroll_layer_set_frame
 .text.strftime
                0x0000000000002a58        0xc /opt/pebble/Pebble/lib/libpebble.a(tmpL9Cjnwpebble.o)
                0x0000000000002a58                strftime
 .text.strlen   0x0000000000002a64        0xc /opt/pebble/Pebble/lib/libpebble.a(tmpL9Cjnwpebble.o)
                0x0000000000002a64                strlen
 .text.strncpy  0x0000000000002a70        0xc /opt/pebble/Pebble/lib/libpebble.a(tmpL9Cjnwpebble.o)
                0x0000000000002a70                strncpy
 .text.tick_timer_service_subscribe
                0x0000000000002a7c        0xc /opt/pebble/Pebble/lib/libpebble.a(tmpL9Cjnwpebble.o)
                0x0000000000002a7c                tick_timer_service_subscribe
 .text.tick_timer_service_unsubscribe
                0x0000000000002a88        0xc /opt/pebble/Pebble/lib/libpebble.a(tmpL9Cjnwpebble.o)
                0x0000000000002a88                tick_timer_service_unsubscribe
 .text.time     0x0000000000002a94        0xc /opt/pebble/Pebble/lib/libpebble.a(tmpL9Cjnwpebble.o)
                0x0000000000002a94                time
 .text.vibes_double_pulse
                0x0000000000002aa0        0xc /opt/pebble/Pebble/lib/libpebble.a(tmpL9Cjnwpebble.o)
                0x0000000000002aa0                vibes_double_pulse
 .text.vibes_short_pulse
                0x0000000000002aac        0xc /opt/pebble/Pebble/lib/libpebble.a(tmpL9Cjnwpebble.o)
                0x0000000000002aac                vibes_short_pulse
 .text.window_create
                0x0000000000002ab8        0xc /opt/pebble/Pebble/lib/libpebble.a(tmpL9Cjnwpebble.o)
                0x0000000000002ab8                window_create
 .text.window_destroy
                0x0000000000002ac4        0xc /opt/pebble/Pebble/lib/libpebble.a(tmpL9Cjnwpebble.o)
                0x0000000000002ac4                window_destroy
 .text.window_get_click_config_provider
                0x0000000000002ad0        0xc /opt/pebble/Pebble/lib/libpebble.a(tmpL9Cjnwpebble.o)
                0x0000000000002ad0                window_get_click_config_provider
 .text.window_get_root_layer
                0x0000000000002adc        0xc /opt/pebble/Pebble/lib/libpebble.a(tmpL9Cjnwpebble.o)
                0x0000000000002adc                window_get_root_layer
 .text.window_set_background_color
                0x0000000000002ae8        0xc /opt/pebble/Pebble/lib/libpebble.a(tmpL9Cjnwpebble.o)
                0x0000000000002ae8                window_set_background_color
 .text.window_set_click_config_provider_with_context
                0x0000000000002af4        0xc /opt/pebble/Pebble/lib/libpebble.a(tmpL9Cjnwpebble.o)
                0x0000000000002af4                window_set_click_config_provider_with_context
 .text.window_set_fullscreen
                0x0000000000002b00        0xc /opt/pebble/Pebble/lib/libpebble.a(tmpL9Cjnwpebble.o)
                0x0000000000002b00                window_set_fullscreen
 .text.window_set_window_handlers
                0x0000000000002b0c        0xc /opt/pebble/Pebble/lib/libpebble.a(tmpL9Cjnwpebble.o)
                0x0000000000002b0c                window_set_window_handlers
 .text.window_stack_contains_window
                0x0000000000002b18        0xc /opt/pebble/Pebble/lib/libpebble.a(tmpL9Cjnwpebble.o)
                0x0000000000002b18                window_stack_contains_window
 .text.window_stack_get_top_window
                0x0000000000002b24        0xc /opt/pebble/Pebble/lib/libpebble.a(tmpL9Cjnwpebble.o)
                0x0000000000002b24                window_stack_get_top_window
 .text.window_stack_pop
                0x0000000000002b30        0xc /opt/pebble/Pebble/lib/libpebble.a(tmpL9Cjnwpebble.o)
                0x0000000000002b30                window_stack_pop
 .text.window_stack_pop_all
                0x0000000000002b3c        0xc /opt/pebble/Pebble/lib/libpebble.a(tmpL9Cjnwpebble.o)
                0x0000000000002b3c                window_stack_pop_all
 .text.window_stack_push
                0x0000000000002b48        0xc /opt/pebble/Pebble/lib/libpebble.a(tmpL9Cjnwpebble.o)
                0x0000000000002b48                window_stack_push
 .text.window_stack_remove
                0x0000000000002b54        0xc /opt/pebble/Pebble/lib/libpebble.a(tmpL9Cjnwpebble.o)
                0x0000000000002b54                window_stack_remove
 .text.window_get_user_data
                0x0000000000002b60        0xc /opt/pebble/Pebble/lib/libpebble.a(tmpL9Cjnwpebble.o)
                0x0000000000002b60                window_get_user_data
 .text.window_set_user_data
                0x0000000000002b6c        0xc /opt/pebble/Pebble/lib/libpebble.a(tmpL9Cjnwpebble.o)
                0x0000000000002b6c                window_set_user_data
 .text.app_message_outbox_begin
                0x0000000000002b78        0xc /opt/pebble/Pebble/lib/libpebble.a(tmpL9Cjnwpebble.o)
                0x0000000000002b78                app_message_outbox_begin
 .text.app_message_outbox_send
                0x0000000000002b84        0xc /opt/pebble/Pebble/lib/libpebble.a(tmpL9Cjnwpebble.o)
                0x0000000000002b84                app_message_outbox_send
 .text.app_message_register_inbox_dropped
                0x0000000000002b90        0xc /opt/pebble/Pebble/lib/libpebble.a(tmpL9Cjnwpebble.o)
                0x0000000000002b90                app_message_register_inbox_dropped
 .text.app_message_register_inbox_received
                0x0000000000002b9c        0xc /opt/pebble/Pebble/lib/libpebble.a(tmpL9Cjnwpebble.o)
                0x0000000000002b9c                app_message_register_inbox_received
 .text.app_message_register_outbox_failed
                0x0000000000002ba8        0xc /opt/pebble/Pebble/lib/libpebble.a(tmpL9Cjnwpebble.o)
                0x0000000000002ba8                app_message_register_outbox_failed
 .text.app_message_register_outbox_sent
                0x0000000000002bb4        0xc /opt/pebble/Pebble/lib/libpebble.a(tmpL9Cjnwpebble.o)
                0x0000000000002bb4                app_message_register_outbox_sent
 .text.app_message_set_context
                0x0000000000002bc0        0xc /opt/pebble/Pebble/lib/libpebble.a(tmpL9Cjnwpebble.o)
                0x0000000000002bc0                app_message_set_context
 .text.window_long_click_subscribe
                0x0000000000002bcc        0xc /opt/pebble/Pebble/lib/libpebble.a(tmpL9Cjnwpebble.o)
                0x0000000000002bcc                window_long_click_subscribe
 .text.window_set_click_context
                0x0000000000002bd8        0xc /opt/pebble/Pebble/lib/libpebble.a(tmpL9Cjnwpebble.o)
                0x0000000000002bd8                window_set_click_context
 .text.window_single_click_subscribe
                0x0000000000002be4        0xc /opt/pebble/Pebble/lib/libpebble.a(tmpL9Cjnwpebble.o)
                0x0000000000002be4                window_single_click_subscribe
 .text.graphics_draw_text
                0x0000000000002bf0        0xc /opt/pebble/Pebble/lib/libpebble.a(tmpL9Cjnwpebble.o)
                0x0000000000002bf0                graphics_draw_text
 .text.graphics_text_layout_get_content_size
                0x0000000000002bfc        0xc /opt/pebble/Pebble/lib/libpebble.a(tmpL9Cjnwpebble.o)
                0x0000000000002bfc                graphics_text_layout_get_content_size
 .text.accel_data_service_subscribe
                0x0000000000002c08        0xc /opt/pebble/Pebble/lib/libpebble.a(tmpL9Cjnwpebble.o)
                0x0000000000002c08                accel_data_service_subscribe
 .text.menu_layer_set_callbacks
                0x0000000000002c14        0xc /opt/pebble/Pebble/lib/libpebble.a(tmpL9Cjnwpebble.o)
                0x0000000000002c14                menu_layer_set_callbacks
 *(.rodata)
 *(.rodata*)
 .rodata.str1.1
                0x0000000000002c20       0x26 src/simply/simply_msg.c.11.o
 .rodata.str1.1
                0x0000000000002c46       0x16 src/simply/simply_stage.c.11.o
 .rodata.str1.1
                0x0000000000002c5c       0x7d src/simply/simply_ui.c.11.o

.glue_7         0x0000000000002cdc        0x0
 .glue_7        0x0000000000002cdc        0x0 linker stubs

.glue_7t        0x0000000000002cdc        0x0
 .glue_7t       0x0000000000002cdc        0x0 linker stubs

.vfp11_veneer   0x0000000000002cdc        0x0
 .vfp11_veneer  0x0000000000002cdc        0x0 linker stubs

.v4_bx          0x0000000000002cdc        0x0
 .v4_bx         0x0000000000002cdc        0x0 linker stubs

.iplt           0x0000000000002cdc        0x0
 .iplt          0x0000000000002cdc        0x0 /usr/lib/gcc/arm-none-eabi/4.9.2/armv7-m/crtbegin.o

.rel.dyn        0x0000000000002cdc        0x0
 .rel.iplt      0x0000000000002cdc        0x0 /usr/lib/gcc/arm-none-eabi/4.9.2/armv7-m/crtbegin.o

.data           0x0000000000002cdc       0x78
 *(.data)
 .data          0x0000000000002cdc        0x0 /usr/lib/gcc/arm-none-eabi/4.9.2/armv7-m/crti.o
 .data          0x0000000000002cdc        0x0 /usr/lib/gcc/arm-none-eabi/4.9.2/armv7-m/crtbegin.o
 .data          0x0000000000002cdc        0x0 /usr/lib/gcc/arm-none-eabi/4.9.2/../../../../arm-none-eabi/lib/armv7-m/crt0.o
 .data          0x0000000000002cdc        0x0 src/main.c.11.o
 .data          0x0000000000002cdc        0x0 src/simply/simply.c.11.o
 .data          0x0000000000002cdc        0x0 src/simply/simply_accel.c.11.o
 .data          0x0000000000002cdc       0x10 src/simply/simply_menu.c.11.o
 .data          0x0000000000002cec        0x0 src/simply/simply_msg.c.11.o
 .data          0x0000000000002cec        0x0 src/simply/simply_res.c.11.o
 .data          0x0000000000002cec        0x0 src/simply/simply_splash.c.11.o
 .data          0x0000000000002cec       0x10 src/simply/simply_stage.c.11.o
 .data          0x0000000000002cfc       0x10 src/simply/simply_ui.c.11.o
 .data          0x0000000000002d0c        0x0 src/simply/simply_window.c.11.o
 .data          0x0000000000002d0c        0x0 src/simply/simply_window_stack.c.11.o
 .data          0x0000000000002d0c        0x0 appinfo.auto.c.11.o
 .data          0x0000000000002d0c        0x0 /opt/pebble/Pebble/lib/libpebble.a(tmpL9Cjnwpebble.o)
 .data          0x0000000000002d0c        0x0 /usr/lib/gcc/arm-none-eabi/4.9.2/../../../../arm-none-eabi/lib/armv7-m/libc.a(lib_a-atexit.o)
 .data          0x0000000000002d0c        0x0 /usr/lib/gcc/arm-none-eabi/4.9.2/../../../../arm-none-eabi/lib/armv7-m/libc.a(lib_a-exit.o)
 .data          0x0000000000002d0c        0x0 /usr/lib/gcc/arm-none-eabi/4.9.2/../../../../arm-none-eabi/lib/armv7-m/libc.a(lib_a-fini.o)
 .data          0x0000000000002d0c        0x0 /usr/lib/gcc/arm-none-eabi/4.9.2/../../../../arm-none-eabi/lib/armv7-m/libc.a(lib_a-impure.o)
 .data          0x0000000000002d0c        0x0 /usr/lib/gcc/arm-none-eabi/4.9.2/../../../../arm-none-eabi/lib/armv7-m/libc.a(lib_a-init.o)
 .data          0x0000000000002d0c        0x0 /usr/lib/gcc/arm-none-eabi/4.9.2/../../../../arm-none-eabi/lib/armv7-m/libc.a(lib_a-__atexit.o)
 .data          0x0000000000002d0c        0x0 /usr/lib/gcc/arm-none-eabi/4.9.2/../../../../arm-none-eabi/lib/armv7-m/libc.a(lib_a-__call_atexit.o)
 .data          0x0000000000002d0c        0x0 /usr/lib/gcc/arm-none-eabi/4.9.2/armv7-m/crtend.o
 .data          0x0000000000002d0c        0x0 /usr/lib/gcc/arm-none-eabi/4.9.2/armv7-m/crtn.o
 *(.data.*)
 .data.s_broadcast_window
                0x0000000000002d0c        0x1 src/simply/simply_msg.c.11.o
 *fill*         0x0000000000002d0d        0x3 
 .data.rel.ro.implementation.7448
                0x0000000000002d10       0x14 src/simply/simply_stage.c.11.o
 .data.rel.local.STYLES
                0x0000000000002d24       0x30 src/simply/simply_ui.c.11.o

.igot.plt       0x0000000000002d54        0x0
 .igot.plt      0x0000000000002d54        0x0 /usr/lib/gcc/arm-none-eabi/4.9.2/armv7-m/crtbegin.o

.bss            0x0000000000002d54      0x114
 *(.bss)
 *(.bss.*)
 .bss.s_accel   0x0000000000002d54        0x4 src/simply/simply_accel.c.11.o
                0x0000000000002d54                s_accel
 .bss.EMPTY_TITLE
                0x0000000000002d58        0x1 src/simply/simply_menu.c.11.o
 *fill*         0x0000000000002d59        0x3 
 .bss.s_provider.7201
                0x0000000000002d5c        0x4 src/simply/simply_menu.c.11.o
 .bss.s_has_communicated
                0x0000000000002d60        0x1 src/simply/simply_msg.c.11.o
 .bss.time_text.7349
                0x0000000000002d61      0x100 src/simply/simply_stage.c.11.o
 *fill*         0x0000000000002e61        0x3 
 .bss.s_provider.7211
                0x0000000000002e64        0x4 src/simply/simply_window.c.11.o

DISCARD
 libc.a(*)
 libm.a(*)
 libgcc.a(*)
 *(.eh_frame)
OUTPUT(/home/freddy/Stuff/pebble/hvv/build/pebble-app.elf elf32-littlearm)

.ARM.attributes
                0x0000000000000000       0x29
 .ARM.attributes
                0x0000000000000000       0x1d /usr/lib/gcc/arm-none-eabi/4.9.2/armv7-m/crti.o
 .ARM.attributes
                0x000000000000001d       0x2d /usr/lib/gcc/arm-none-eabi/4.9.2/armv7-m/crtbegin.o
 .ARM.attributes
                0x000000000000004a       0x1b /usr/lib/gcc/arm-none-eabi/4.9.2/../../../../arm-none-eabi/lib/armv7-m/crt0.o
 .ARM.attributes
                0x0000000000000065       0x33 src/main.c.11.o
 .ARM.attributes
                0x0000000000000098       0x33 src/simply/simply.c.11.o
 .ARM.attributes
                0x00000000000000cb       0x33 src/simply/simply_accel.c.11.o
 .ARM.attributes
                0x00000000000000fe       0x33 src/simply/simply_menu.c.11.o
 .ARM.attributes
                0x0000000000000131       0x33 src/simply/simply_msg.c.11.o
 .ARM.attributes
                0x0000000000000164       0x33 src/simply/simply_res.c.11.o
 .ARM.attributes
                0x0000000000000197       0x33 src/simply/simply_splash.c.11.o
 .ARM.attributes
                0x00000000000001ca       0x33 src/simply/simply_stage.c.11.o
 .ARM.attributes
                0x00000000000001fd       0x33 src/simply/simply_ui.c.11.o
 .ARM.attributes
                0x0000000000000230       0x33 src/simply/simply_window.c.11.o
 .ARM.attributes
                0x0000000000000263       0x33 src/simply/simply_window_stack.c.11.o
 .ARM.attributes
                0x0000000000000296       0x33 appinfo.auto.c.11.o
 .ARM.attributes
                0x00000000000002c9       0x21 /opt/pebble/Pebble/lib/libpebble.a(tmpL9Cjnwpebble.o)
 .ARM.attributes
                0x00000000000002ea       0x2d /usr/lib/gcc/arm-none-eabi/4.9.2/../../../../arm-none-eabi/lib/armv7-m/libc.a(lib_a-atexit.o)
 .ARM.attributes
                0x0000000000000317       0x2d /usr/lib/gcc/arm-none-eabi/4.9.2/../../../../arm-none-eabi/lib/armv7-m/libc.a(lib_a-exit.o)
 .ARM.attributes
                0x0000000000000344       0x2d /usr/lib/gcc/arm-none-eabi/4.9.2/../../../../arm-none-eabi/lib/armv7-m/libc.a(lib_a-fini.o)
 .ARM.attributes
                0x0000000000000371       0x2d /usr/lib/gcc/arm-none-eabi/4.9.2/../../../../arm-none-eabi/lib/armv7-m/libc.a(lib_a-impure.o)
 .ARM.attributes
                0x000000000000039e       0x2d /usr/lib/gcc/arm-none-eabi/4.9.2/../../../../arm-none-eabi/lib/armv7-m/libc.a(lib_a-init.o)
 .ARM.attributes
                0x00000000000003cb       0x2d /usr/lib/gcc/arm-none-eabi/4.9.2/../../../../arm-none-eabi/lib/armv7-m/libc.a(lib_a-__atexit.o)
 .ARM.attributes
                0x00000000000003f8       0x2d /usr/lib/gcc/arm-none-eabi/4.9.2/../../../../arm-none-eabi/lib/armv7-m/libc.a(lib_a-__call_atexit.o)
 .ARM.attributes
                0x0000000000000425       0x2d /usr/lib/gcc/arm-none-eabi/4.9.2/armv7-m/crtend.o
 .ARM.attributes
                0x0000000000000452       0x1d /usr/lib/gcc/arm-none-eabi/4.9.2/armv7-m/crtn.o

.comment        0x0000000000000000       0x33
 .comment       0x0000000000000000       0x33 src/main.c.11.o
                                         0x34 (size before relaxing)
 .comment       0x0000000000000033       0x34 src/simply/simply.c.11.o
 .comment       0x0000000000000033       0x34 src/simply/simply_accel.c.11.o
 .comment       0x0000000000000033       0x34 src/simply/simply_menu.c.11.o
 .comment       0x0000000000000033       0x34 src/simply/simply_msg.c.11.o
 .comment       0x0000000000000033       0x34 src/simply/simply_res.c.11.o
 .comment       0x0000000000000033       0x34 src/simply/simply_splash.c.11.o
 .comment       0x0000000000000033       0x34 src/simply/simply_stage.c.11.o
 .comment       0x0000000000000033       0x34 src/simply/simply_ui.c.11.o
 .comment       0x0000000000000033       0x34 src/simply/simply_window.c.11.o
 .comment       0x0000000000000033       0x34 src/simply/simply_window_stack.c.11.o
 .comment       0x0000000000000033       0x34 appinfo.auto.c.11.o

.debug_info     0x0000000000000000    0x10112
 .debug_info    0x0000000000000000      0x209 src/main.c.11.o
 .debug_info    0x0000000000000209      0xb0e src/simply/simply.c.11.o
 .debug_info    0x0000000000000d17      0x6aa src/simply/simply_accel.c.11.o
 .debug_info    0x00000000000013c1     0x256c src/simply/simply_menu.c.11.o
 .debug_info    0x000000000000392d     0x492b src/simply/simply_msg.c.11.o
 .debug_info    0x0000000000008258      0xeb3 src/simply/simply_res.c.11.o
 .debug_info    0x000000000000910b      0x8c9 src/simply/simply_splash.c.11.o
 .debug_info    0x00000000000099d4     0x2e1e src/simply/simply_stage.c.11.o
 .debug_info    0x000000000000c7f2     0x19ef src/simply/simply_ui.c.11.o
 .debug_info    0x000000000000e1e1     0x1462 src/simply/simply_window.c.11.o
 .debug_info    0x000000000000f643      0x7dc src/simply/simply_window_stack.c.11.o
 .debug_info    0x000000000000fe1f      0x2f3 appinfo.auto.c.11.o

.debug_abbrev   0x0000000000000000     0x27a0
 .debug_abbrev  0x0000000000000000      0x14b src/main.c.11.o
 .debug_abbrev  0x000000000000014b      0x29c src/simply/simply.c.11.o
 .debug_abbrev  0x00000000000003e7      0x252 src/simply/simply_accel.c.11.o
 .debug_abbrev  0x0000000000000639      0x4bd src/simply/simply_menu.c.11.o
 .debug_abbrev  0x0000000000000af6      0x58c src/simply/simply_msg.c.11.o
 .debug_abbrev  0x0000000000001082      0x383 src/simply/simply_res.c.11.o
 .debug_abbrev  0x0000000000001405      0x2e3 src/simply/simply_splash.c.11.o
 .debug_abbrev  0x00000000000016e8      0x546 src/simply/simply_stage.c.11.o
 .debug_abbrev  0x0000000000001c2e      0x459 src/simply/simply_ui.c.11.o
 .debug_abbrev  0x0000000000002087      0x3f9 src/simply/simply_window.c.11.o
 .debug_abbrev  0x0000000000002480      0x282 src/simply/simply_window_stack.c.11.o
 .debug_abbrev  0x0000000000002702       0x9e appinfo.auto.c.11.o

.debug_loc      0x0000000000000000     0x62ce
 .debug_loc     0x0000000000000000       0x1e src/main.c.11.o
 .debug_loc     0x000000000000001e       0x55 src/simply/simply.c.11.o
 .debug_loc     0x0000000000000073      0x1fa src/simply/simply_accel.c.11.o
 .debug_loc     0x000000000000026d     0x142c src/simply/simply_menu.c.11.o
 .debug_loc     0x0000000000001699     0x147d src/simply/simply_msg.c.11.o
 .debug_loc     0x0000000000002b16      0x985 src/simply/simply_res.c.11.o
 .debug_loc     0x000000000000349b      0x16f src/simply/simply_splash.c.11.o
 .debug_loc     0x000000000000360a     0x11e2 src/simply/simply_stage.c.11.o
 .debug_loc     0x00000000000047ec      0xe9b src/simply/simply_ui.c.11.o
 .debug_loc     0x0000000000005687      0x9b9 src/simply/simply_window.c.11.o
 .debug_loc     0x0000000000006040      0x28e src/simply/simply_window_stack.c.11.o

.debug_aranges  0x0000000000000000      0x5a0
 .debug_aranges
                0x0000000000000000       0x20 src/main.c.11.o
 .debug_aranges
                0x0000000000000020       0x28 src/simply/simply.c.11.o
 .debug_aranges
                0x0000000000000048       0x48 src/simply/simply_accel.c.11.o
 .debug_aranges
                0x0000000000000090      0x120 src/simply/simply_menu.c.11.o
 .debug_aranges
                0x00000000000001b0      0x100 src/simply/simply_msg.c.11.o
 .debug_aranges
                0x00000000000002b0       0x70 src/simply/simply_res.c.11.o
 .debug_aranges
                0x0000000000000320       0x40 src/simply/simply_splash.c.11.o
 .debug_aranges
                0x0000000000000360       0xc8 src/simply/simply_stage.c.11.o
 .debug_aranges
                0x0000000000000428       0x78 src/simply/simply_ui.c.11.o
 .debug_aranges
                0x00000000000004a0       0x98 src/simply/simply_window.c.11.o
 .debug_aranges
                0x0000000000000538       0x50 src/simply/simply_window_stack.c.11.o
 .debug_aranges
                0x0000000000000588       0x18 appinfo.auto.c.11.o

.debug_ranges   0x0000000000000000      0xc20
 .debug_ranges  0x0000000000000000       0x10 src/main.c.11.o
 .debug_ranges  0x0000000000000010       0x18 src/simply/simply.c.11.o
 .debug_ranges  0x0000000000000028       0x38 src/simply/simply_accel.c.11.o
 .debug_ranges  0x0000000000000060      0x220 src/simply/simply_menu.c.11.o
 .debug_ranges  0x0000000000000280      0x2c8 src/simply/simply_msg.c.11.o
 .debug_ranges  0x0000000000000548      0x150 src/simply/simply_res.c.11.o
 .debug_ranges  0x0000000000000698       0x30 src/simply/simply_splash.c.11.o
 .debug_ranges  0x00000000000006c8      0x308 src/simply/simply_stage.c.11.o
 .debug_ranges  0x00000000000009d0       0xc8 src/simply/simply_ui.c.11.o
 .debug_ranges  0x0000000000000a98      0x130 src/simply/simply_window.c.11.o
 .debug_ranges  0x0000000000000bc8       0x58 src/simply/simply_window_stack.c.11.o

.debug_line     0x0000000000000000     0x25c6
 .debug_line    0x0000000000000000       0x82 src/main.c.11.o
 .debug_line    0x0000000000000082      0x214 src/simply/simply.c.11.o
 .debug_line    0x0000000000000296      0x1db src/simply/simply_accel.c.11.o
 .debug_line    0x0000000000000471      0x600 src/simply/simply_menu.c.11.o
 .debug_line    0x0000000000000a71      0x5db src/simply/simply_msg.c.11.o
 .debug_line    0x000000000000104c      0x31a src/simply/simply_res.c.11.o
 .debug_line    0x0000000000001366      0x1cc src/simply/simply_splash.c.11.o
 .debug_line    0x0000000000001532      0x585 src/simply/simply_stage.c.11.o
 .debug_line    0x0000000000001ab7      0x474 src/simply/simply_ui.c.11.o
 .debug_line    0x0000000000001f2b      0x39d src/simply/simply_window.c.11.o
 .debug_line    0x00000000000022c8      0x222 src/simply/simply_window_stack.c.11.o
 .debug_line    0x00000000000024ea       0xdc appinfo.auto.c.11.o

.debug_str      0x0000000000000000     0x3a4b
 .debug_str     0x0000000000000000      0x1d4 src/main.c.11.o
                                        0x213 (size before relaxing)
 .debug_str     0x00000000000001d4      0x487 src/simply/simply.c.11.o
                                        0x715 (size before relaxing)
 .debug_str     0x000000000000065b      0x1d9 src/simply/simply_accel.c.11.o
                                        0x53f (size before relaxing)
 .debug_str     0x0000000000000834      0xa02 src/simply/simply_menu.c.11.o
                                        0xfe9 (size before relaxing)
 .debug_str     0x0000000000001236     0x17cf src/simply/simply_msg.c.11.o
                                       0x2245 (size before relaxing)
 .debug_str     0x0000000000002a05      0x152 src/simply/simply_res.c.11.o
                                        0x565 (size before relaxing)
 .debug_str     0x0000000000002b57      0x162 src/simply/simply_splash.c.11.o
                                        0x59d (size before relaxing)
 .debug_str     0x0000000000002cb9      0x703 src/simply/simply_stage.c.11.o
                                       0x1587 (size before relaxing)
 .debug_str     0x00000000000033bc      0x1bf src/simply/simply_ui.c.11.o
                                        0xe35 (size before relaxing)
 .debug_str     0x000000000000357b      0x33f src/simply/simply_window.c.11.o
                                        0xbbe (size before relaxing)
 .debug_str     0x00000000000038ba       0x41 src/simply/simply_window_stack.c.11.o
                                        0x542 (size before relaxing)
 .debug_str     0x00000000000038fb      0x150 appinfo.auto.c.11.o
                                        0x362 (size before relaxing)

.debug_frame    0x0000000000000000     0x12a0
 .debug_frame   0x0000000000000000       0x28 src/main.c.11.o
 .debug_frame   0x0000000000000028       0x44 src/simply/simply.c.11.o
 .debug_frame   0x000000000000006c       0x94 src/simply/simply_accel.c.11.o
 .debug_frame   0x0000000000000100      0x3b8 src/simply/simply_menu.c.11.o
 .debug_frame   0x00000000000004b8      0x328 src/simply/simply_msg.c.11.o
 .debug_frame   0x00000000000007e0      0x150 src/simply/simply_res.c.11.o
 .debug_frame   0x0000000000000930       0xa4 src/simply/simply_splash.c.11.o
 .debug_frame   0x00000000000009d4      0x2cc src/simply/simply_stage.c.11.o
 .debug_frame   0x0000000000000ca0      0x1b8 src/simply/simply_ui.c.11.o
 .debug_frame   0x0000000000000e58      0x240 src/simply/simply_window.c.11.o
 .debug_frame   0x0000000000001098       0xdc src/simply/simply_window_stack.c.11.o
 .debug_frame   0x0000000000001174       0x20 /usr/lib/gcc/arm-none-eabi/4.9.2/../../../../arm-none-eabi/lib/armv7-m/libc.a(lib_a-atexit.o)
 .debug_frame   0x0000000000001194       0x28 /usr/lib/gcc/arm-none-eabi/4.9.2/../../../../arm-none-eabi/lib/armv7-m/libc.a(lib_a-exit.o)
 .debug_frame   0x00000000000011bc       0x34 /usr/lib/gcc/arm-none-eabi/4.9.2/../../../../arm-none-eabi/lib/armv7-m/libc.a(lib_a-fini.o)
 .debug_frame   0x00000000000011f0       0x2c /usr/lib/gcc/arm-none-eabi/4.9.2/../../../../arm-none-eabi/lib/armv7-m/libc.a(lib_a-init.o)
 .debug_frame   0x000000000000121c       0x34 /usr/lib/gcc/arm-none-eabi/4.9.2/../../../../arm-none-eabi/lib/armv7-m/libc.a(lib_a-__atexit.o)
 .debug_frame   0x0000000000001250       0x50 /usr/lib/gcc/arm-none-eabi/4.9.2/../../../../arm-none-eabi/lib/armv7-m/libc.a(lib_a-__call_atexit.o)
